[
  {"type":"Punctuation","value":"("},
  {"type":"Keyword","value":"program "},
  {"type":"LiteralString","value":"1.0.0"},
  {"type":"Text","value":"\n    "},
  {"type":"Punctuation","value":"["},
  {"type":"Text","value":"\n        "},
  {"type":"Punctuation","value":"("},
  {"type":"Keyword","value":"lam "},
  {"type":"Name","value":"x"},
  {"type":"Text","value":" "},
  {"type":"Punctuation","value":"("},
  {"type":"Keyword","value":"force "},
  {"type":"Name","value":"x"},
  {"type":"Punctuation","value":"))"},
  {"type":"Text","value":"\n        "},
  {"type":"Punctuation","value":"("},
  {"type":"Keyword","value":"delay "},
  {"type":"Punctuation","value":"[[("},
  {"type":"Keyword","value":"builtin "},
  {"type":"Name","value":"addInteger"},
  {"type":"Punctuation","value":")"},
  {"type":"Text","value":" "},
  {"type":"Punctuation","value":"("},
  {"type":"Keyword","value":"con "},
  {"type":"KeywordType","value":"integer"},
  {"type":"Text","value":" "},
  {"type":"LiteralNumberInteger","value":"4"},
  {"type":"Punctuation","value":")]"},
  {"type":"Text","value":" "},
  {"type":"Punctuation","value":"("},
  {"type":"Keyword","value":"con "},
  {"type":"KeywordType","value":"integer"},
  {"type":"Text","value":" "},
  {"type":"LiteralNumberInteger","value":"8"},
  {"type":"Punctuation","value":")])"},
  {"type":"Text","value":"\n    "},
  {"type":"Punctuation","value":"]"},
  {"type":"Text","value":"\n"},
  {"type":"Punctuation","value":")"},
  {"type":"Text","value":"\n"}
]
